Batalha: Paxton vs Elaine
OriginPalkia usou AquaTail e causou 22 de dano!
Primarina usou IcyWind e causou 7 de dano!
OriginPalkia usou AquaTail e causou 22 de dano!
Primarina usou um item!
OriginPalkia usou DragonBreath e causou 32 de dano!
Primarina usou MoonBlast e causou 28 de dano!
OriginPalkia usou um item!
Primarina usou um item!
OriginPalkia usou WaterPulse e causou 14 de dano!
Primarina usou IcyWind e causou 8 de dano!
OriginPalkia usou AquaTail e causou 21 de dano!
Primarina usou um item!
OriginPalkia usou AquaTail e causou 23 de dano!
Primarina usou um item!
OriginPalkia errou o golpe!
Primarina usou WaterGun e causou 6 de dano!
OriginPalkia usou DragonBreath e causou 30 de dano!
Primarina usou WaterGun e causou 6 de dano!
OriginPalkia usou um item!
Primarina usou HyperVoice e causou 27 de dano!
OriginPalkia usou DragonBreath e causou 32 de dano!
Primarina usou um item!
OriginPalkia usou WaterPulse e causou 15 de dano!
Primarina usou HyperVoice e causou 26 de dano!
OriginPalkia usou WaterPulse e causou 15 de dano!
Primarina usou WaterGun e causou 6 de dano!
OriginPalkia usou um item!
Primarina usou MoonBlast e causou 27 de dano!
OriginPalkia usou DragonBreath e causou 30 de dano!
Primarina usou um item!
OriginPalkia usou AquaTail e causou 23 de dano!
Primarina usou HyperVoice e causou 28 de dano!
OriginPalkia usou SpacialRend e causou 50 de dano!
Primarina desmaiou!
OriginPalkia usou DragonBreath e causou 32 de dano!
Cinderace usou FlameCharge e causou 10 de dano!
OriginPalkia usou WaterPulse e causou 63 de dano!
Cinderace usou PyroBall e causou 24 de dano!
OriginPalkia usou um item!
Cinderace usou um item!
OriginPalkia usou AquaTail e causou 87 de dano!
Cinderace desmaiou!
Vencedor: Elaine
Batalha: White vs Rei
Charizard usou Inferno e causou 20 de dano!
Samurott usou WaterPulse e causou 58 de dano!
Charizard usou AirSlash e causou 30 de dano!
Samurott usou um item!
Charizard usou Flamethrower e causou 16 de dano!
Samurott usou WaterPulse e causou 63 de dano!
Charizard usou um item!
Samurott usou RazorShell e causou 67 de dano!
Charizard desmaiou!
ShieldZamazenta usou Bite e causou 34 de dano!
Samurott usou RazorShell e causou 22 de dano!
ShieldZamazenta usou CloseCombat e causou 63 de dano!
Samurott desmaiou!
ShieldZamazenta usou CloseCombat e causou 128 de dano!
Vanilluxe usou Blizzard e causou 27 de dano!
ShieldZamazenta usou GigaImpact e causou 76 de dano!
Vanilluxe desmaiou!
MissingNo usou Ember e causou 25 de dano!
ShieldZamazenta usou um item!
MissingNo usou Ember e causou 25 de dano!
ShieldZamazenta usou CloseCombat e causou 44 de dano!
MissingNo usou WaterGun e causou 28 de dano!
ShieldZamazenta usou um item!
MissingNo usou Leafage e causou 27 de dano!
ShieldZamazenta usou um item!
MissingNo usou Ember e causou 28 de dano!
ShieldZamazenta usou GigaImpact e causou 29 de dano!
MissingNo usou Leafage e causou 27 de dano!
ShieldZamazenta desmaiou!
Vencedor: White
Batalha: Harmony vs Pearl
Palkia usou AquaTail e causou 77 de dano!
Skeledirge usou HyperVoice e causou 27 de dano!
Palkia usou WaterPulse e causou 56 de dano!
Skeledirge usou TorchSong e causou 11 de dano!
Palkia usou DragonBreath e causou 29 de dano!
Skeledirge usou Lick e causou 10 de dano!
Palkia usou SpacialRend e causou 42 de dano!
Skeledirge desmaiou!
Inteleon usou SnipeShot e causou 13 de dano!
Palkia usou SpacialRend e causou 68 de dano!
Inteleon usou SnipeShot e causou 13 de dano!
Palkia usou WaterPulse e causou 18 de dano!
Inteleon usou um item!
Palkia usou AquaTail e causou 28 de dano!
Inteleon usou SuckerPunch e causou 25 de dano!
Palkia usou WaterPulse e causou 20 de dano!
Inteleon usou WaterPulse e causou 10 de dano!
Palkia usou um item!
Inteleon usou WaterPulse e causou 9 de dano!
Palkia usou WaterPulse e causou 21 de dano!
Inteleon desmaiou!
Palkia usou WaterPulse e causou 32 de dano!
Zapdos usou ZapCannon e causou 85 de dano!
Palkia desmaiou!
Zapdos usou um item!
Son usou Crunch e causou 23 de dano!
Zapdos usou um item!
Son usou Tackle e causou 9 de dano!
Zapdos usou ThunderShock e causou 32 de dano!
Son usou um item!
Zapdos usou ZapCannon e causou 92 de dano!
Son usou Tackle e causou 9 de dano!
Zapdos usou um item!
Son usou Crunch e causou 21 de dano!
Zapdos errou o golpe!
Son usou Tackle e causou 9 de dano!
Zapdos usou ZapCannon e causou 98 de dano!
Son desmaiou!
Zapdos usou ThunderShock e causou 6 de dano!
Torterra usou MegaDrain e causou 19 de dano!
Zapdos usou um item!
Torterra usou Earthquake e causou 93 de dano!
Zapdos usou ZapCannon e causou 18 de dano!
Torterra usou Earthquake e causou 91 de dano!
Zapdos desmaiou!
Vencedor: Pearl
Batalha: N vs Calem
Yveltal usou Psychic e causou 51 de dano!
Kyurem usou Glaciate e causou 36 de dano!
Yveltal usou Psychic e causou 46 de dano!
Kyurem usou um item!
Yveltal usou DarkPulse e causou 44 de dano!
Kyurem usou DragonBreath e causou 32 de dano!
Yveltal usou um item!
Kyurem usou um item!
Yveltal usou um item!
Kyurem usou DragonPulse e causou 44 de dano!
Yveltal usou OblivionWing e causou 40 de dano!
Kyurem usou Glaciate e causou 35 de dano!
Yveltal usou OblivionWing e causou 45 de dano!
Kyurem usou Glaciate e causou 33 de dano!
Yveltal usou OblivionWing e causou 45 de dano!
Kyurem desmaiou!
Yveltal usou um item!
Emboar usou FlameCharge e causou 28 de dano!
Yveltal usou DarkPulse e causou 53 de dano!
Emboar usou um item!
Yveltal usou OblivionWing e causou 52 de dano!
Emboar usou Ember e causou 25 de dano!
Yveltal usou um item!
Emboar usou um item!
Yveltal usou OblivionWing e causou 47 de dano!
Emboar usou Flamethrower e causou 49 de dano!
Yveltal usou Psychic e causou 61 de dano!
Emboar desmaiou!
Yveltal usou DarkPulse e causou 88 de dano!
Chandelure usou um item!
Yveltal usou OblivionWing e causou 43 de dano!
Chandelure usou ShadowBall e causou 9 de dano!
Yveltal usou Psychic e causou 52 de dano!
Chandelure desmaiou!
Yveltal usou OblivionWing e causou 49 de dano!
Garbodor usou um item!
Yveltal usou DarkPulse e causou 48 de dano!
Garbodor usou SludgeBomb e causou 35 de dano!
Yveltal desmaiou!
Garbodor usou SludgeBomb e causou 59 de dano!
Chesnaught usou HammerArm e causou 24 de dano!
Garbodor usou PoisonJab e causou 47 de dano!
Chesnaught usou VineWhip e causou 10 de dano!
Garbodor usou um item!
Chesnaught usou um item!
Garbodor usou PoisonJab e causou 53 de dano!
Chesnaught usou WoodHammer e causou 13 de dano!
Garbodor usou SludgeBomb e causou 59 de dano!
Chesnaught desmaiou!
Vencedor: N
Batalha: Florian vs Selene
OriginDialga usou DragonClaw e causou 40 de dano!
Quaquaval usou WaterPulse e causou 23 de dano!
OriginDialga usou DragonClaw e causou 40 de dano!
Quaquaval usou CloseCombat e causou 90 de dano!
OriginDialga usou um item!
Quaquaval usou CloseCombat e causou 87 de dano!
OriginDialga usou um item!
Quaquaval usou um item!
OriginDialga usou DragonBreath e causou 27 de dano!
Quaquaval usou WaterPulse e causou 22 de dano!
OriginDialga usou MetalClaw e causou 11 de dano!
Quaquaval usou AquaStep e causou 29 de dano!
OriginDialga desmaiou!
Quaquaval usou CloseCombat e causou 67 de dano!
Venusaur usou VineWhip e causou 34 de dano!
Quaquaval usou um item!
Venusaur usou um item!
Quaquaval usou CloseCombat e causou 69 de dano!
Venusaur usou RazorLeaf e causou 41 de dano!
Quaquaval usou WaterPulse e causou 17 de dano!
Venusaur usou um item!
Quaquaval usou AquaStep e causou 20 de dano!
Venusaur usou RazorLeaf e causou 42 de dano!
Quaquaval desmaiou!
Articuno errou o golpe!
Venusaur usou SolarBeam e causou 39 de dano!
Articuno usou Blizzard e causou 87 de dano!
Venusaur desmaiou!
Articuno usou Blizzard e causou 16 de dano!
Suicune usou Crunch e causou 28 de dano!
Articuno usou Blizzard e causou 17 de dano!
Suicune usou um item!
Articuno usou um item!
Suicune usou Crunch e causou 31 de dano!
Articuno usou IceBeam e causou 13 de dano!
Suicune usou HydroPump e causou 31 de dano!
Suicune usou Crunch e causou 30 de dano!
Articuno usou IceBeam e causou 12 de dano!
Articuno usou um item!
Suicune usou Crunch e causou 31 de dano!
Suicune usou WaterPulse e causou 18 de dano!
Articuno usou IceBeam e causou 12 de dano!
Articuno usou IceBeam e causou 12 de dano!
Suicune usou HydroPump e causou 31 de dano!
Articuno desmaiou!
HisuianSamurott usou SuckerPunch e causou 26 de dano!
Suicune usou HydroPump e causou 38 de dano!
HisuianSamurott usou HydroPump e causou 19 de dano!
Suicune usou WaterPulse e causou 20 de dano!
Suicune usou HydroPump e causou 40 de dano!
HisuianSamurott usou Megahorn e causou 41 de dano!
HisuianSamurott usou Megahorn e causou 43 de dano!
Suicune desmaiou!
Vencedor: Florian
Batalha: Pearl vs Florian
HisuianSamurott usou HydroPump e causou 21 de dano!
Torterra usou um item!
HisuianSamurott usou um item!
Torterra usou Earthquake e causou 49 de dano!
HisuianSamurott usou Megahorn e causou 99 de dano!
Torterra usou WoodHammer e causou 29 de dano!
HisuianSamurott desmaiou!
Vencedor: Pearl
Batalha: Chase vs N
HisuianTyphlosi usou InfernalParade e causou 26 de dano!
Garbodor usou PoisonJab e causou 19 de dano!
HisuianTyphlosi usou DoubleEdge e causou 48 de dano!
Garbodor desmaiou!
Vencedor: Chase
Batalha: Serena vs Elio
Entei usou FireBlast e causou 19 de dano!
Zygarde usou Earthquake e causou 82 de dano!
Entei usou Crunch e causou 36 de dano!
Zygarde usou DragonBreath e causou 27 de dano!
Entei usou FireBlast e causou 20 de dano!
Zygarde usou Earthquake e causou 92 de dano!
Entei desmaiou!
Koraidon usou Flamethrower e causou 17 de dano!
Zygarde usou DragonBreath e causou 20 de dano!
Koraidon usou CollisionCourse e causou 42 de dano!
Zygarde usou um item!
Koraidon usou BreakingSwipe e causou 53 de dano!
Zygarde usou DragonBreath e causou 21 de dano!
Koraidon usou Flamethrower e causou 20 de dano!
Zygarde usou DragonBreath e causou 22 de dano!
Koraidon usou BreakingSwipe e causou 49 de dano!
Zygarde desmaiou!
Koraidon usou um item!
Aegislash usou ShadowSneak e causou 18 de dano!
Koraidon usou um item!
Aegislash usou ShadowSneak e causou 18 de dano!
Koraidon usou CollisionCourse e causou 190 de dano!
Aegislash desmaiou!
Koraidon usou GigaImpact e causou 103 de dano!
Delphox usou FlameCharge e causou 13 de dano!
Koraidon usou um item!
Delphox usou Psychic e causou 46 de dano!
Koraidon usou CollisionCourse e causou 67 de dano!
Delphox desmaiou!
Vencedor: Elio
Batalha: Akari vs White
MissingNo usou Ember e causou 37 de dano!
OriginGiratina usou ShadowForce mas não causou efeito!
MissingNo usou Leafage e causou 36 de dano!
OriginGiratina usou ShadowClaw mas não causou efeito!
MissingNo usou Ember e causou 36 de dano!
OriginGiratina usou DragonClaw e causou 15 de dano!
MissingNo usou um item!
OriginGiratina usou ShadowForce mas não causou efeito!
MissingNo usou Ember e causou 38 de dano!
OriginGiratina usou DragonBreath e causou 12 de dano!
MissingNo usou Leafage e causou 39 de dano!
OriginGiratina usou DragonClaw e causou 16 de dano!
MissingNo usou um item!
OriginGiratina usou ShadowClaw mas não causou efeito!
MissingNo usou um item!
OriginGiratina usou DragonBreath e causou 12 de dano!
MissingNo usou Ember e causou 38 de dano!
OriginGiratina desmaiou!
MissingNo usou um item!
Raikou usou Thunder e causou 15 de dano!
MissingNo usou Ember e causou 49 de dano!
Raikou usou Thunder e causou 16 de dano!
MissingNo usou Ember e causou 45 de dano!
Raikou usou Crunch e causou 14 de dano!
MissingNo usou um item!
Raikou usou Crunch e causou 14 de dano!
MissingNo usou Ember e causou 49 de dano!
Raikou desmaiou!
MissingNo usou Ember e causou 41 de dano!
Lunala usou AirSlash e causou 13 de dano!
MissingNo usou Ember e causou 44 de dano!
Lunala usou um item!
MissingNo usou WaterGun e causou 41 de dano!
Lunala usou um item!
MissingNo usou um item!
Lunala usou AirSlash e causou 14 de dano!
MissingNo usou um item!
Lunala usou AirSlash e causou 14 de dano!
MissingNo usou um item!
Lunala usou um item!
MissingNo usou WaterGun e causou 42 de dano!
Lunala usou AirSlash e causou 14 de dano!
MissingNo usou um item!
Lunala usou AirSlash e causou 14 de dano!
MissingNo usou um item!
Lunala usou MoongeistBeam mas não causou efeito!
MissingNo usou WaterGun e causou 38 de dano!
Lunala usou um item!
MissingNo usou Ember e causou 42 de dano!
Lunala usou Psychic e causou 16 de dano!
MissingNo usou Ember e causou 41 de dano!
Lunala usou um item!
MissingNo usou um item!
Lunala usou um item!
MissingNo usou Leafage e causou 40 de dano!
Lunala usou NightDaze e causou 14 de dano!
MissingNo usou um item!
Lunala usou um item!
MissingNo usou WaterGun e causou 42 de dano!
Lunala usou um item!
MissingNo usou Ember e causou 40 de dano!
Lunala desmaiou!
Vencedor: White
Batalha: Juliana vs Shauna
Miraidon usou Overheat e causou 28 de dano!
Greninja usou um item!
Miraidon usou ParabolicCharge e causou 61 de dano!
Greninja usou ShadowSneak e causou 14 de dano!
Miraidon usou ElectroDrift e causou 100 de dano!
Greninja desmaiou!
Miraidon usou Outrage mas não causou efeito!
Xerneas usou GigaImpact e causou 76 de dano!
Miraidon usou Overheat e causou 44 de dano!
Xerneas usou um item!
Miraidon usou ElectroDrift e causou 33 de dano!
Xerneas usou GigaImpact e causou 76 de dano!
Miraidon desmaiou!
SwordZacian usou MoonBlast e causou 55 de dano!
Xerneas usou GigaImpact e causou 63 de dano!
SwordZacian usou SacredSword e causou 26 de dano!
Xerneas usou Outrage mas não causou efeito!
SwordZacian usou um item!
Xerneas usou GigaImpact e causou 61 de dano!
SwordZacian usou MetalClaw e causou 59 de dano!
Xerneas desmaiou!
SwordZacian usou um item!
Florges usou SolarBeam e causou 29 de dano!
SwordZacian usou Bite e causou 23 de dano!
Florges usou MoonBlast e causou 23 de dano!
SwordZacian usou um item!
Florges usou MoonBlast e causou 21 de dano!
SwordZacian usou MoonBlast e causou 80 de dano!
Florges usou MagicalLeaf e causou 15 de dano!
SwordZacian usou SacredSword e causou 36 de dano!
Florges desmaiou!
Vencedor: Juliana
Batalha: Elio vs Elaine
Rillaboom usou RazorLeaf e causou 17 de dano!
Decidueye usou BraveBird e causou 109 de dano!
Rillaboom usou RazorLeaf e causou 16 de dano!
Decidueye usou um item!
Rillaboom usou DrumBeating e causou 23 de dano!
Decidueye usou um item!
Rillaboom usou um item!
Decidueye usou ShadowSneak e causou 18 de dano!
Rillaboom usou um item!
Decidueye usou SuckerPunch e causou 29 de dano!
Rillaboom usou WoodHammer e causou 17 de dano!
Decidueye usou Leafage e causou 9 de dano!
Rillaboom usou WoodHammer e causou 15 de dano!
Decidueye usou SuckerPunch e causou 32 de dano!
Rillaboom usou WoodHammer e causou 17 de dano!
Decidueye usou um item!
Rillaboom usou DrumBeating e causou 23 de dano!
Decidueye usou um item!
Rillaboom usou DrumBeating e causou 24 de dano!
Decidueye usou SuckerPunch e causou 33 de dano!
Rillaboom desmaiou!
Moltres usou Flamethrower e causou 90 de dano!
Decidueye desmaiou!
Koraidon usou Flamethrower e causou 25 de dano!
Moltres usou Ember e causou 13 de dano!
Koraidon usou um item!
Moltres usou um item!
Koraidon usou Flamethrower e causou 26 de dano!
Moltres usou um item!
Koraidon usou um item!
Moltres usou um item!
Koraidon usou CollisionCourse e causou 53 de dano!
Moltres usou Flamethrower e causou 28 de dano!
Koraidon usou um item!
Moltres usou Ember e causou 14 de dano!
Koraidon usou GigaImpact e causou 85 de dano!
Moltres desmaiou!
Koraidon usou Flamethrower e causou 23 de dano!
OriginPalkia usou AquaTail e causou 32 de dano!
Koraidon usou GigaImpact e causou 71 de dano!
OriginPalkia desmaiou!
Vencedor: Elio
Batalha: Diamond vs Elio
Koraidon usou Flamethrower e causou 112 de dano!
Father usou Crunch e causou 8 de dano!
Koraidon usou BreakingSwipe e causou 74 de dano!
Father desmaiou!
Koraidon usou Flamethrower e causou 76 de dano!
Dialga usou MetalClaw e causou 20 de dano!
Koraidon usou um item!
Dialga usou um item!
Koraidon usou um item!
Dialga usou DragonClaw e causou 34 de dano!
Koraidon usou GigaImpact e causou 32 de dano!
Dialga usou MetalClaw e causou 21 de dano!
Koraidon errou o golpe!
Dialga usou DragonBreath e causou 23 de dano!
Koraidon desmaiou!
Vencedor: Diamond
Batalha: Pearl vs Chase
Solgaleo usou ZenHeadbutt e causou 40 de dano!
Torterra desmaiou!
Vencedor: Chase
Batalha: Diamond vs Victor
Dialga usou DragonBreath e causou 30 de dano!
Incineroar usou Bite e causou 23 de dano!
Dialga usou DragonBreath e causou 28 de dano!
Incineroar usou Ember e causou 33 de dano!
Dialga usou RoarOfTime e causou 71 de dano!
Incineroar usou DoubleKick e causou 23 de dano!
Dialga desmaiou!
Infernape usou FlameWheel e causou 9 de dano!
Incineroar usou um item!
Infernape usou FlameWheel e causou 8 de dano!
Incineroar usou um item!
Infernape usou Ember e causou 9 de dano!
Incineroar usou Thrash e causou 68 de dano!
Infernape usou Ember e causou 9 de dano!
Incineroar usou Bite e causou 36 de dano!
Infernape usou FlameWheel e causou 8 de dano!
Incineroar usou Ember e causou 13 de dano!
Infernape usou FlameWheel e causou 9 de dano!
Incineroar usou um item!
Infernape usou um item!
Incineroar usou Bite e causou 36 de dano!
Infernape usou um item!
Incineroar usou DoubleKick e causou 17 de dano!
Infernape usou um item!
Incineroar usou um item!
Infernape usou Ember e causou 8 de dano!
Incineroar usou Bite e causou 37 de dano!
Infernape usou um item!
Incineroar usou DoubleKick e causou 18 de dano!
Infernape usou CloseCombat e causou 55 de dano!
Incineroar usou Bite e causou 35 de dano!
Infernape usou Ember e causou 9 de dano!
Incineroar usou DoubleKick e causou 17 de dano!
Infernape desmaiou!
Vencedor: Victor
Batalha: Black vs Gloria
Reshiram usou DragonBreath e causou 25 de dano!
Necrozma usou NightSlash e causou 27 de dano!
Reshiram usou FireFang e causou 28 de dano!
Necrozma usou MetalClaw e causou 21 de dano!
Reshiram usou FireFang e causou 28 de dano!
Necrozma usou PrismaticLaser e causou 62 de dano!
Reshiram usou DragonBreath e causou 27 de dano!
Necrozma usou MetalClaw e causou 21 de dano!
Reshiram usou FireFang e causou 27 de dano!
Necrozma usou um item!
Reshiram usou FireFang e causou 27 de dano!
Necrozma usou PrismaticLaser e causou 62 de dano!
Reshiram desmaiou!
Necrozma usou PrismaticLaser e causou 33 de dano!
Gothitelle usou Psychic e causou 10 de dano!
Necrozma usou PrismaticLaser e causou 34 de dano!
Gothitelle usou Psyshock e causou 9 de dano!
Necrozma usou PowerGem e causou 36 de dano!
Gothitelle usou Psychic e causou 10 de dano!
Necrozma usou um item!
Gothitelle usou Psychic e causou 10 de dano!
Necrozma usou PowerGem e causou 32 de dano!
Gothitelle desmaiou!
Necrozma usou NightSlash e causou 34 de dano!
Eelektross usou um item!
Necrozma usou PrismaticLaser e causou 81 de dano!
Eelektross usou Spark e causou 30 de dano!
Necrozma usou NightSlash e causou 34 de dano!
Eelektross usou Spark e causou 26 de dano!
Necrozma desmaiou!
HisuianDeciduey usou Leafage e causou 22 de dano!
Eelektross desmaiou!
Serperior usou MagicalLeaf e causou 21 de dano!
HisuianDeciduey usou Leafage e causou 9 de dano!
Serperior usou MegaDrain e causou 16 de dano!
HisuianDeciduey usou BraveBird e causou 107 de dano!
Serperior usou MegaDrain e causou 15 de dano!
HisuianDeciduey usou um item!
Serperior usou um item!
HisuianDeciduey usou um item!
Serperior usou um item!
HisuianDeciduey usou TripleArrow e causou 41 de dano!
Serperior usou MagicalLeaf e causou 20 de dano!
HisuianDeciduey usou um item!
Serperior usou um item!
HisuianDeciduey usou TripleArrow e causou 41 de dano!
Serperior usou MagicalLeaf e causou 21 de dano!
HisuianDeciduey usou um item!
Serperior usou MegaDrain e causou 15 de dano!
HisuianDeciduey usou RazorLeaf e causou 13 de dano!
Serperior usou VineWhip e causou 15 de dano!
HisuianDeciduey usou BraveBird e causou 106 de dano!
Serperior desmaiou!
Vencedor: Gloria
Batalha: Chase vs Victor
Solgaleo usou Crunch e causou 60 de dano!
Incineroar desmaiou!
Eternatus usou PoisonTail mas não causou efeito!
Solgaleo usou FlareBlitz e causou 64 de dano!
Eternatus usou um item!
Solgaleo usou Crunch e causou 53 de dano!
Eternatus usou um item!
Solgaleo usou FlareBlitz e causou 68 de dano!
Eternatus usou PoisonTail mas não causou efeito!
Solgaleo usou Crunch e causou 50 de dano!
Eternatus usou um item!
Solgaleo usou Crunch e causou 53 de dano!
Eternatus desmaiou!
Meowscarada usou Leafage e causou 8 de dano!
Solgaleo usou FlareBlitz e causou 163 de dano!
Meowscarada desmaiou!
Vencedor: Chase
Batalha: Platinum vs Juliana
SwordZacian usou um item!
HolySpirit usou Crunch e causou 7 de dano!
SwordZacian usou SacredSword e causou 247 de dano!
HolySpirit desmaiou!
SwordZacian usou MoonBlast e causou 56 de dano!
Empoleon usou um item!
SwordZacian usou um item!
Empoleon usou um item!
SwordZacian usou Bite e causou 35 de dano!
Empoleon usou WaterGun e causou 13 de dano!
SwordZacian usou SacredSword e causou 53 de dano!
Empoleon usou HydroPump e causou 31 de dano!
SwordZacian usou um item!
Empoleon usou WaterGun e causou 13 de dano!
SwordZacian usou um item!
Empoleon usou HydroPump e causou 30 de dano!
SwordZacian usou MoonBlast e causou 60 de dano!
Empoleon desmaiou!
SwordZacian usou um item!
Giratina usou DragonBreath mas não causou efeito!
SwordZacian usou MoonBlast e causou 44 de dano!
Giratina usou DragonBreath mas não causou efeito!
SwordZacian usou MoonBlast e causou 45 de dano!
Giratina usou um item!
SwordZacian usou um item!
Giratina usou ShadowClaw e causou 24 de dano!
SwordZacian usou um item!
Giratina usou ShadowClaw e causou 25 de dano!
SwordZacian usou SacredSword mas não causou efeito!
Giratina usou DragonClaw mas não causou efeito!
SwordZacian usou um item!
Giratina usou ShadowClaw e causou 22 de dano!
SwordZacian usou um item!
Giratina usou um item!
SwordZacian usou SacredSword mas não causou efeito!
Giratina usou um item!
SwordZacian usou um item!
Giratina usou DragonBreath mas não causou efeito!
SwordZacian usou SacredSword mas não causou efeito!
Giratina usou DragonClaw mas não causou efeito!
SwordZacian usou Bite e causou 61 de dano!
Giratina usou um item!
SwordZacian usou Bite e causou 54 de dano!
Giratina usou ShadowForce e causou 41 de dano!
SwordZacian usou MoonBlast e causou 44 de dano!
Giratina usou DragonClaw mas não causou efeito!
SwordZacian usou um item!
Giratina usou ShadowClaw e causou 25 de dano!
SwordZacian usou MoonBlast e causou 46 de dano!
Giratina desmaiou!
Vencedor: Juliana
Batalha: White vs Juliana
Zekrom usou ThunderFang e causou 73 de dano!
Blastoise usou um item!
Zekrom usou FusionBolt e causou 112 de dano!
Blastoise usou um item!
Zekrom usou ThunderFang e causou 75 de dano!
Blastoise desmaiou!
SwordZacian usou SacredSword e causou 41 de dano!
Zekrom usou DragonPulse mas não causou efeito!
SwordZacian usou um item!
Zekrom usou um item!
SwordZacian usou um item!
Zekrom usou ThunderFang e causou 30 de dano!
SwordZacian usou Bite e causou 30 de dano!
Zekrom usou um item!
SwordZacian usou Bite e causou 30 de dano!
Zekrom usou um item!
SwordZacian usou um item!
Zekrom usou ThunderFang e causou 32 de dano!
SwordZacian usou MoonBlast e causou 87 de dano!
Zekrom usou um item!
SwordZacian usou Bite e causou 29 de dano!
Zekrom usou ThunderFang e causou 34 de dano!
SwordZacian usou Bite e causou 26 de dano!
Zekrom desmaiou!
MissingNo usou Ember e causou 35 de dano!
SwordZacian usou MetalClaw e causou 12 de dano!
MissingNo usou WaterGun e causou 34 de dano!
SwordZacian desmaiou!
Vencedor: White
Batalha: Chase vs White
MissingNo usou Leafage e causou 43 de dano!
HisuianTyphlosi usou um item!
MissingNo usou Ember e causou 50 de dano!
HisuianTyphlosi usou um item!
MissingNo usou Leafage e causou 48 de dano!
HisuianTyphlosi desmaiou!
MissingNo usou Leafage e causou 18 de dano!
Solgaleo usou Crunch e causou 22 de dano!
MissingNo usou Leafage e causou 18 de dano!
Solgaleo usou Crunch e causou 23 de dano!
MissingNo usou WaterGun e causou 33 de dano!
Solgaleo usou SunsteelStrike e causou 20 de dano!
MissingNo usou WaterGun e causou 36 de dano!
Solgaleo usou SunsteelStrike e causou 21 de dano!
MissingNo usou um item!
Solgaleo usou SunsteelStrike e causou 21 de dano!
MissingNo usou WaterGun e causou 33 de dano!
Solgaleo usou um item!
MissingNo usou Ember e causou 73 de dano!
Solgaleo desmaiou!
Vencedor: White
Batalha: Gloria vs White
MissingNo usou um item!
HisuianDeciduey usou RazorLeaf e causou 11 de dano!
MissingNo usou um item!
HisuianDeciduey usou BraveBird e causou 21 de dano!
MissingNo usou um item!
HisuianDeciduey usou um item!
MissingNo usou um item!
HisuianDeciduey usou Leafage e causou 8 de dano!
MissingNo usou WaterGun e causou 43 de dano!
HisuianDeciduey usou BraveBird e causou 22 de dano!
MissingNo usou um item!
HisuianDeciduey usou BraveBird e causou 22 de dano!
MissingNo usou Leafage e causou 43 de dano!
HisuianDeciduey usou TripleArrow e causou 35 de dano!
MissingNo usou um item!
HisuianDeciduey usou um item!
MissingNo usou Ember e causou 45 de dano!
HisuianDeciduey usou um item!
MissingNo usou Ember e causou 48 de dano!
HisuianDeciduey desmaiou!
Vencedor: White

Vencedor do torneio: White
